---
source: crates/fin_parser/src/lib.rs
expression: tree
input_file: crates/fin_parser/src/snapshots/validation/line_comment_is_ignored.fin
---
File@0..25
  Comment@0..10 "// comment"
  Whitespace@10..11 "\n"
  ItemConst@11..25
    ConstKw@11..16 "const"
    Whitespace@16..17 " "
    PatIdent@17..19
      Name@17..19
        Ident@17..18 "x"
        Whitespace@18..19 " "
    Eq@19..20 "="
    Whitespace@20..21 " "
    ExprIdent@21..24
      Ident@21..24 "foo"
    Semi@24..25 ";"
